 test

 Timestamp is 6834396e (Mon May 26 11:50:38 2025)

 Preferred load address is 0000000140000000

 Start         Length     Name                   Class
 0001:00000000 000012f1H .text$mn                CODE
 0002:00000000 000000d8H .idata$5                DATA
 0002:000000d8 00000054H .rdata                  DATA
 0002:0000012c 00000020H .rdata$voltmd           DATA
 0002:0000014c 00000148H .rdata$zzzdbg           DATA
 0002:00000294 000000ccH .xdata                  DATA
 0002:00000360 00000000H .edata                  DATA
 0002:00000360 0000003cH .idata$2                DATA
 0002:0000039c 00000014H .idata$3                DATA
 0002:000003b0 000000d8H .idata$4                DATA
 0002:00000488 0000019aH .idata$6                DATA
 0003:00000000 00000260H .data                   DATA
 0003:00000260 000013b0H .bss                    DATA
 0004:00000000 00000114H .pdata                  DATA

  Address         Publics by Value              Rva+Base               Lib:Object

 0000:00000000       __AbsoluteZero             0000000000000000     <absolute>
 0000:00000000       ___safe_se_handler_count   0000000000000000     <absolute>
 0000:00000000       ___safe_se_handler_table   0000000000000000     <absolute>
 0000:00000000       __arm64x_extra_rfe_table   0000000000000000     <absolute>
 0000:00000000       __arm64x_extra_rfe_table_size 0000000000000000     <absolute>
 0000:00000000       __arm64x_native_entrypoint 0000000000000000     <absolute>
 0000:00000000       __arm64x_redirection_metadata 0000000000000000     <absolute>
 0000:00000000       __arm64x_redirection_metadata_count 0000000000000000     <absolute>
 0000:00000000       __dynamic_value_reloc_table 0000000000000000     <absolute>
 0000:00000000       __enclave_config           0000000000000000     <absolute>
 0000:00000000       __guard_check_icall_a64n_fptr 0000000000000000     <absolute>
 0000:00000000       __guard_eh_cont_count      0000000000000000     <absolute>
 0000:00000000       __guard_eh_cont_table      0000000000000000     <absolute>
 0000:00000000       __guard_fids_count         0000000000000000     <absolute>
 0000:00000000       __guard_fids_table         0000000000000000     <absolute>
 0000:00000000       __guard_flags              0000000000000000     <absolute>
 0000:00000000       __guard_iat_count          0000000000000000     <absolute>
 0000:00000000       __guard_iat_table          0000000000000000     <absolute>
 0000:00000000       __guard_longjmp_count      0000000000000000     <absolute>
 0000:00000000       __guard_longjmp_table      0000000000000000     <absolute>
 0000:00000000       __hybrid_auxiliary_delayload_iat 0000000000000000     <absolute>
 0000:00000000       __hybrid_auxiliary_delayload_iat_copy 0000000000000000     <absolute>
 0000:00000000       __hybrid_auxiliary_iat     0000000000000000     <absolute>
 0000:00000000       __hybrid_auxiliary_iat_copy 0000000000000000     <absolute>
 0000:00000000       __hybrid_code_map          0000000000000000     <absolute>
 0000:00000000       __hybrid_code_map_count    0000000000000000     <absolute>
 0000:00000000       __hybrid_image_info_bitfield 0000000000000000     <absolute>
 0000:00000000       __x64_code_ranges_to_entry_points 0000000000000000     <absolute>
 0000:00000000       __x64_code_ranges_to_entry_points_count 0000000000000000     <absolute>
 0000:00000000       __ImageBase                0000000140000000     <linker-defined>
 0001:00000000       _cm_assert                 0000000140001000 f   test.obj
 0001:00000020       write_file                 0000000140001020 f   test.obj
 0001:00000090       message_box                0000000140001090 f   test.obj
 0001:000000c0       cstrchr                    00000001400010c0 f   test.obj
 0001:00000150       str_ncmp_impl              0000000140001150 f   test.obj
 0001:00000230       fast_atoi                  0000000140001230 f   test.obj
 0001:000002c0       fast_atoi_n                00000001400012c0 f   test.obj
 0001:000008f0       allocator_create           00000001400018f0 f   test.obj
 0001:00000b60       console_write              0000000140001b60 f   test.obj
 0001:00000bd0       console_pause              0000000140001bd0 f   test.obj
 0001:00000db0       dump_file_content          0000000140001db0 f   test.obj
 0001:00000e60       mainCRTStartup             0000000140001e60 f   test.obj
 0001:00001040       file_exist_open_map_ro     0000000140002040 f i test.obj
 0001:00001090       file_mapping_create        0000000140002090 f i test.obj
 0001:00001140       file_open                  0000000140002140 f i test.obj
 0001:00001220       handle_close               0000000140002220 f i test.obj
 0001:00001261       wnsprintfA                 0000000140002261 f   shlwapi:SHLWAPI.dll
 0001:00001267       GetStdHandle               0000000140002267 f   Kernel32:KERNEL32.dll
 0001:0000126d       CreateFileA                000000014000226d f   Kernel32:KERNEL32.dll
 0001:00001273       GetFileSize                0000000140002273 f   Kernel32:KERNEL32.dll
 0001:00001279       WriteFile                  0000000140002279 f   Kernel32:KERNEL32.dll
 0001:0000127f       CloseHandle                000000014000227f f   Kernel32:KERNEL32.dll
 0001:00001285       GetLastError               0000000140002285 f   Kernel32:KERNEL32.dll
 0001:0000128b       HeapAlloc                  000000014000228b f   Kernel32:KERNEL32.dll
 0001:00001291       HeapFree                   0000000140002291 f   Kernel32:KERNEL32.dll
 0001:00001297       GetProcessHeap             0000000140002297 f   Kernel32:KERNEL32.dll
 0001:0000129d       ExitProcess                000000014000229d f   Kernel32:KERNEL32.dll
 0001:000012a3       GetCurrentThreadId         00000001400022a3 f   Kernel32:KERNEL32.dll
 0001:000012a9       GetSystemInfo              00000001400022a9 f   Kernel32:KERNEL32.dll
 0001:000012af       MapViewOfFile              00000001400022af f   Kernel32:KERNEL32.dll
 0001:000012b5       UnmapViewOfFile            00000001400022b5 f   Kernel32:KERNEL32.dll
 0001:000012bb       LocalFree                  00000001400022bb f   Kernel32:KERNEL32.dll
 0001:000012c1       FormatMessageA             00000001400022c1 f   Kernel32:KERNEL32.dll
 0001:000012c7       CreateFileMappingA         00000001400022c7 f   Kernel32:KERNEL32.dll
 0001:000012cd       AllocConsole               00000001400022cd f   Kernel32:KERNEL32.dll
 0001:000012d3       ReadConsoleInputA          00000001400022d3 f   Kernel32:KERNEL32.dll
 0001:000012d9       WriteConsoleA              00000001400022d9 f   Kernel32:KERNEL32.dll
 0001:000012df       wvsprintfA                 00000001400022df f   User32:USER32.dll
 0001:000012e5       wsprintfA                  00000001400022e5 f   User32:USER32.dll
 0001:000012eb       MessageBoxA                00000001400022eb f   User32:USER32.dll
 0002:00000000       __imp_GetSystemInfo        0000000140003000     Kernel32:KERNEL32.dll
 0002:00000008       __imp_ReadConsoleInputA    0000000140003008     Kernel32:KERNEL32.dll
 0002:00000010       __imp_GetStdHandle         0000000140003010     Kernel32:KERNEL32.dll
 0002:00000018       __imp_CreateFileA          0000000140003018     Kernel32:KERNEL32.dll
 0002:00000020       __imp_GetFileSize          0000000140003020     Kernel32:KERNEL32.dll
 0002:00000028       __imp_WriteFile            0000000140003028     Kernel32:KERNEL32.dll
 0002:00000030       __imp_CloseHandle          0000000140003030     Kernel32:KERNEL32.dll
 0002:00000038       __imp_GetLastError         0000000140003038     Kernel32:KERNEL32.dll
 0002:00000040       __imp_HeapAlloc            0000000140003040     Kernel32:KERNEL32.dll
 0002:00000048       __imp_HeapFree             0000000140003048     Kernel32:KERNEL32.dll
 0002:00000050       __imp_GetProcessHeap       0000000140003050     Kernel32:KERNEL32.dll
 0002:00000058       __imp_ExitProcess          0000000140003058     Kernel32:KERNEL32.dll
 0002:00000060       __imp_GetCurrentThreadId   0000000140003060     Kernel32:KERNEL32.dll
 0002:00000068       __imp_AllocConsole         0000000140003068     Kernel32:KERNEL32.dll
 0002:00000070       __imp_MapViewOfFile        0000000140003070     Kernel32:KERNEL32.dll
 0002:00000078       __imp_UnmapViewOfFile      0000000140003078     Kernel32:KERNEL32.dll
 0002:00000080       __imp_LocalFree            0000000140003080     Kernel32:KERNEL32.dll
 0002:00000088       __imp_FormatMessageA       0000000140003088     Kernel32:KERNEL32.dll
 0002:00000090       __imp_CreateFileMappingA   0000000140003090     Kernel32:KERNEL32.dll
 0002:00000098       __imp_WriteConsoleA        0000000140003098     Kernel32:KERNEL32.dll
 0002:000000a0       \177KERNEL32_NULL_THUNK_DATA 00000001400030a0     Kernel32:KERNEL32.dll
 0002:000000a8       __imp_wnsprintfA           00000001400030a8     shlwapi:SHLWAPI.dll
 0002:000000b0       \177SHLWAPI_NULL_THUNK_DATA 00000001400030b0     shlwapi:SHLWAPI.dll
 0002:000000b8       __imp_wsprintfA            00000001400030b8     User32:USER32.dll
 0002:000000c0       __imp_MessageBoxA          00000001400030c0     User32:USER32.dll
 0002:000000c8       __imp_wvsprintfA           00000001400030c8     User32:USER32.dll
 0002:000000d0       \177USER32_NULL_THUNK_DATA 00000001400030d0     User32:USER32.dll
 0002:0000012c       __volatile_metadata        000000014000312c     <linker-defined>
 0002:00000360       __IMPORT_DESCRIPTOR_SHLWAPI 0000000140003360     shlwapi:SHLWAPI.dll
 0002:00000374       __IMPORT_DESCRIPTOR_KERNEL32 0000000140003374     Kernel32:KERNEL32.dll
 0002:00000388       __IMPORT_DESCRIPTOR_USER32 0000000140003388     User32:USER32.dll
 0002:0000039c       __NULL_IMPORT_DESCRIPTOR   000000014000339c     shlwapi:SHLWAPI.dll
 0003:00000260       _fltused                   0000000140004260     test.obj

 entry point at        0001:00000e60

 Static symbols

 0000:ffff9000       .debug$S                   0000000140000000     Kernel32:KERNEL32.dll
 0000:ffff9000       .debug$S                   0000000140000000     Kernel32:KERNEL32.dll
 0000:ffff9000       .debug$S                   0000000140000000     Kernel32:KERNEL32.dll
 0000:ffff9000       .debug$S                   0000000140000000     Kernel32:KERNEL32.dll
 0000:ffff9000       .debug$S                   0000000140000000     Kernel32:KERNEL32.dll
 0000:ffff9000       .debug$S                   0000000140000000     Kernel32:KERNEL32.dll
 0000:ffff9000       .debug$S                   0000000140000000     Kernel32:KERNEL32.dll
 0000:ffff9000       .debug$S                   0000000140000000     Kernel32:KERNEL32.dll
 0000:ffff9000       .debug$S                   0000000140000000     Kernel32:KERNEL32.dll
 0000:ffff9000       .debug$S                   0000000140000000     Kernel32:KERNEL32.dll
 0000:ffff9000       .debug$S                   0000000140000000     Kernel32:KERNEL32.dll
 0000:ffff9000       .debug$S                   0000000140000000     Kernel32:KERNEL32.dll
 0000:ffff9000       .debug$S                   0000000140000000     Kernel32:KERNEL32.dll
 0000:ffff9000       .debug$S                   0000000140000000     Kernel32:KERNEL32.dll
 0000:ffff9000       .debug$S                   0000000140000000     Kernel32:KERNEL32.dll
 0000:ffff9000       .debug$S                   0000000140000000     Kernel32:KERNEL32.dll
 0000:ffff9000       .debug$S                   0000000140000000     Kernel32:KERNEL32.dll
 0000:ffff9000       .debug$S                   0000000140000000     Kernel32:KERNEL32.dll
 0000:ffff9000       .debug$S                   0000000140000000     Kernel32:KERNEL32.dll
 0000:ffff9000       .debug$S                   0000000140000000     Kernel32:KERNEL32.dll
 0000:ffff9000       .debug$S                   0000000140000000     User32:USER32.dll
 0000:ffff9000       .debug$S                   0000000140000000     User32:USER32.dll
 0000:ffff9000       .debug$S                   0000000140000000     User32:USER32.dll
 0000:ffff9000       .debug$S                   0000000140000000     shlwapi:SHLWAPI.dll
 0001:000001e0       c_strlen                   00000001400011e0 f   test.obj
 0001:00000380       printf                     0000000140001380 f   test.obj
 0001:00000400       cm_error_init              0000000140001400 f   test.obj
 0001:00000504       $LN14                      0000000140001504     test.obj
 0001:00000530       debug_info_gather          0000000140001530 f   test.obj
 0001:000005e0       get_last_error_str         00000001400015e0 f   test.obj
 0001:000006b0       show_error_msg_console_v   00000001400016b0 f   test.obj
 0001:00000940       file_close                 0000000140001940 f   test.obj
 0001:000009f0       file_exist_open_map_sized  00000001400019f0 f   test.obj
 0002:00000294       $unwind$write_file         0000000140003294     test.obj
 0002:0000029c       $unwind$message_box        000000014000329c     test.obj
 0002:000002a4       $unwind$cstrchr            00000001400032a4     test.obj
 0002:000002ac       $unwind$str_ncmp_impl      00000001400032ac     test.obj
 0002:000002b4       $unwind$c_strlen           00000001400032b4     test.obj
 0002:000002bc       $unwind$fast_atoi          00000001400032bc     test.obj
 0002:000002c4       $unwind$fast_atoi_n        00000001400032c4     test.obj
 0002:000002cc       $unwind$printf             00000001400032cc     test.obj
 0002:000002d4       $unwind$cm_error_init      00000001400032d4     test.obj
 0002:000002e0       $unwind$debug_info_gather  00000001400032e0     test.obj
 0002:000002e8       $unwind$get_last_error_str 00000001400032e8     test.obj
 0002:000002f0       $unwind$show_error_msg_console_v 00000001400032f0     test.obj
 0002:000002f8       $unwind$allocator_create   00000001400032f8     test.obj
 0002:00000304       $unwind$file_close         0000000140003304     test.obj
 0002:0000030c       $unwind$file_exist_open_map_sized 000000014000330c     test.obj
 0002:00000314       $unwind$console_write      0000000140003314     test.obj
 0002:0000031c       $unwind$console_pause      000000014000331c     test.obj
 0002:00000328       $unwind$dump_file_content  0000000140003328     test.obj
 0002:00000334       $unwind$mainCRTStartup     0000000140003334     test.obj
 0002:00000340       $unwind$file_mapping_create 0000000140003340     test.obj
 0002:00000348       $unwind$file_open          0000000140003348     test.obj
 0002:00000350       $unwind$handle_close       0000000140003350     test.obj
 0002:00000358       $unwind$file_exist_open_map_ro 0000000140003358     test.obj
 0002:00000496       .idata$6                   0000000140003496     shlwapi:SHLWAPI.dll
 0002:000005e0       .idata$6                   00000001400035e0     Kernel32:KERNEL32.dll
 0002:00000616       .idata$6                   0000000140003616     User32:USER32.dll
 0003:00000000       g_debug_info               0000000140004000     test.obj
 0003:00000010       $SG53731                   0000000140004010     test.obj
 0003:00000044       $SG53817                   0000000140004044     test.obj
 0003:00000050       $SG53752                   0000000140004050     test.obj
 0003:00000098       $SG53815                   0000000140004098     test.obj
 0003:000000a4       $SG53816                   00000001400040a4     test.obj
 0003:000000a8       $SG54073                   00000001400040a8     test.obj
 0003:000000d0       $SG54075                   00000001400040d0     test.obj
 0003:000000e0       $SG54076                   00000001400040e0     test.obj
 0003:000000f0       $SG54077                   00000001400040f0     test.obj
 0003:00000108       $SG54078                   0000000140004108     test.obj
 0003:00000110       $SG54080                   0000000140004110     test.obj
 0003:00000120       $SG54081                   0000000140004120     test.obj
 0003:00000130       $SG54082                   0000000140004130     test.obj
 0003:00000148       $SG54083                   0000000140004148     test.obj
 0003:00000150       $SG54095                   0000000140004150     test.obj
 0003:00000168       $SG54096                   0000000140004168     test.obj
 0003:00000178       $SG54097                   0000000140004178     test.obj
 0003:00000190       $SG54098                   0000000140004190     test.obj
 0003:00000198       $SG54115                   0000000140004198     test.obj
 0003:000001b0       $SG54116                   00000001400041b0     test.obj
 0003:000001c0       $SG54117                   00000001400041c0     test.obj
 0003:000001c8       $SG54118                   00000001400041c8     test.obj
 0003:000001cc       $SG54119                   00000001400041cc     test.obj
 0003:000001d8       $SG54122                   00000001400041d8     test.obj
 0003:000001e8       $SG54123                   00000001400041e8     test.obj
 0003:00000200       $SG54124                   0000000140004200     test.obj
 0003:00000218       $SG54125                   0000000140004218     test.obj
 0003:00000220       $SG54127                   0000000140004220     test.obj
 0003:00000230       $SG54128                   0000000140004230     test.obj
 0003:00000240       $SG54129                   0000000140004240     test.obj
 0003:00000258       $SG54130                   0000000140004258     test.obj
 0003:00000270       g_file_line_msg            0000000140004270     test.obj
